============================================
 Santé Guinée — Clinic Node installer (P0)
============================================
Data directory: /workspace/deploy/clinic-node/data

[install] Generating secrets and .env…
[install] Wrote /workspace/deploy/clinic-node/.env
[install] Initial admin credentials saved to /workspace/deploy/clinic-node/data/ADMIN_CREDENTIALS.txt
[pki] Generating Clinic Node CA and server certificate…
Certificate request self-signature ok
subject=O = Sante Guinee, OU = Clinic Node, CN = sante-locale
[pki] Done. Trust file for workstations: /workspace/deploy/clinic-node/data/pki/ca-trust.crt
[pki] SAN: DNS:sante-locale,DNS:localhost,IP:127.0.0.1
[install] Using host network mode (bridge unavailable or forced).
[install] Building and starting Clinic Node stack…
 Image clinic-node-backend Building 
 Image clinic-node-frontend Building 
#1 [internal] load local bake definitions
#1 reading from stdin 1.11kB done
#1 DONE 0.0s

#2 [backend internal] load build definition from Dockerfile
#2 transferring dockerfile: 936B done
#2 DONE 0.0s

#3 [frontend internal] load build definition from Dockerfile
#3 transferring dockerfile: 793B done
#3 DONE 0.0s

#4 [frontend internal] load metadata for docker.io/library/nginx:1.27-alpine
#4 DONE 0.0s

#5 [frontend internal] load metadata for docker.io/library/node:20-alpine
#5 DONE 0.4s

#6 [backend internal] load metadata for docker.io/library/python:3.12-slim-bookworm
#6 DONE 0.5s

#7 [frontend internal] load .dockerignore
#7 transferring context: 94B done
#7 DONE 0.0s

#8 [frontend build 1/6] FROM docker.io/library/node:20-alpine@sha256:fb4cd12c85ee03686f6af5362a0b0d56d50c58a04632e6c0fb8363f609372293
#8 DONE 0.0s

#9 [frontend stage-1 1/3] FROM docker.io/library/nginx:1.27-alpine
#9 DONE 0.0s

#10 [frontend internal] load build context
#10 transferring context: 34.75kB done
#10 DONE 0.0s

#11 [frontend build 2/6] WORKDIR /app
#11 CACHED

#12 [frontend build 3/6] COPY package.json package-lock.json ./
#12 CACHED

#13 [frontend build 4/6] RUN npm ci
#13 CACHED

#14 [backend internal] load .dockerignore
#14 transferring context: 361B done
#14 DONE 0.0s

#15 [backend 1/7] FROM docker.io/library/python:3.12-slim-bookworm@sha256:d50fb7611f86d04a3b0471b46d7557818d88983fc3136726336b2a4c657aa30b
#15 DONE 0.0s

#16 [backend internal] load build context
#16 transferring context: 398.55kB 0.0s done
#16 DONE 0.0s

#17 [backend 3/7] RUN apt-get update && apt-get install -y --no-install-recommends     libpq5     curl     && rm -rf /var/lib/apt/lists/*
#17 CACHED

#18 [backend 2/7] WORKDIR /app
#18 CACHED

#19 [backend 4/7] COPY requirements.txt requirements-prod.txt ./
#19 CACHED

#20 [backend 5/7] RUN pip install --upgrade pip && pip install -r requirements-prod.txt
#20 CACHED

#21 [backend 6/7] COPY . .
#21 DONE 1.1s

#22 [frontend build 5/6] COPY . .
#22 DONE 1.2s

#23 [frontend build 6/6] RUN npm run build
#23 ...

#24 [backend 7/7] RUN sed -i 's/\r$//' scripts/docker/entrypoint-backend.sh scripts/docker/start-uvicorn.sh     && mkdir -p uploads logs     && chmod +x scripts/docker/entrypoint-backend.sh scripts/docker/start-uvicorn.sh
#24 DONE 1.1s

#23 [frontend build 6/6] RUN npm run build
#23 1.144 
#23 1.144 > fronted-sante@0.0.0 build
#23 1.144 > vite build
#23 1.144 
#23 ...

#25 [backend] exporting to image
#25 exporting layers 0.3s done
#25 writing image sha256:2c00e37b244d65766d4b8ac7eff18dcbdad3985ea6c0dfaf914484655c82b986 done
#25 naming to docker.io/library/clinic-node-backend done
#25 DONE 0.3s

#26 [backend] resolving provenance for metadata file
#26 DONE 0.0s

#23 [frontend build 6/6] RUN npm run build
#23 1.334 vite v8.0.2 building client environment for production...
#23 1.346 [2Ktransforming...✓ 231 modules transformed.
#23 1.466 rendering chunks...
#23 1.566 computing gzip size...
#23 1.571 dist/index.html                                    1.23 kB │ gzip:  0.51 kB
#23 1.571 dist/assets/PageSkeleton-DW3trDnn.css              0.61 kB │ gzip:  0.28 kB
#23 1.571 dist/assets/EmptyState-CxefryuO.css                0.92 kB │ gzip:  0.41 kB
#23 1.571 dist/assets/AccountPages-hKJ8iU-l.css              1.18 kB │ gzip:  0.48 kB
#23 1.571 dist/assets/DoctorAppointments-Dhay09c4.css        1.60 kB │ gzip:  0.56 kB
#23 1.571 dist/assets/TeleconsultationHub-CME21BkE.css       1.64 kB │ gzip:  0.61 kB
#23 1.571 dist/assets/Messages-DBaeh1uh.css                  1.74 kB │ gzip:  0.66 kB
#23 1.571 dist/assets/Patients-vIc0_OHs.css                  2.53 kB │ gzip:  0.87 kB
#23 1.571 dist/assets/NotificationsPage-jzJVlAmp.css         2.74 kB │ gzip:  0.87 kB
#23 1.571 dist/assets/DoctorMessages-BtuEmYr9.css            3.00 kB │ gzip:  0.98 kB
#23 1.571 dist/assets/PlatformAccounts-6Rpa9XDt.css          3.11 kB │ gzip:  0.96 kB
#23 1.571 dist/assets/AppointmentCard-HCEfk4Yr.css           3.13 kB │ gzip:  0.96 kB
#23 1.571 dist/assets/DoctorProfile-iHYb3nPM.css             3.58 kB │ gzip:  0.99 kB
#23 1.571 dist/assets/Dashboard-BphCKd87.css                 3.93 kB │ gzip:  1.09 kB
#23 1.571 dist/assets/DoctorDashboard-BABjnPro.css           4.01 kB │ gzip:  1.09 kB
#23 1.571 dist/assets/PlatformOwner-D50nWtVf.css             5.32 kB │ gzip:  1.35 kB
#23 1.571 dist/assets/Doctors-B0GMS4uE.css                   5.77 kB │ gzip:  1.51 kB
#23 1.571 dist/assets/PatientDetails-abKldz7D.css            6.29 kB │ gzip:  1.47 kB
#23 1.571 dist/assets/Appointments-DfqKsE1B.css              8.10 kB │ gzip:  2.07 kB
#23 1.571 dist/assets/ConsultationRoom-BAw6V9y9.css          8.34 kB │ gzip:  2.05 kB
#23 1.571 dist/assets/vendor-toast-DHtLVDbd.css             14.10 kB │ gzip:  2.64 kB
#23 1.571 dist/assets/index-DG_wMPaY.css                    24.42 kB │ gzip:  5.40 kB
#23 1.571 dist/assets/clinical-pages-DB15dYwj.css           51.76 kB │ gzip:  9.19 kB
#23 1.571 dist/assets/Users-CtvIwPRq.js                      0.15 kB │ gzip:  0.15 kB
#23 1.571 dist/assets/attachmentDownload-BCflXTc3.js         0.38 kB │ gzip:  0.29 kB
#23 1.571 dist/assets/downloadPdf-CSkG96pM.js                0.39 kB │ gzip:  0.29 kB
#23 1.571 dist/assets/PageSkeleton-B3yB9_xN.js               0.39 kB │ gzip:  0.26 kB
#23 1.571 dist/assets/formatDateTime-BqVq7b8J.js             0.43 kB │ gzip:  0.26 kB
#23 1.571 dist/assets/staffSessionCreds-D1zbSnvh.js          0.49 kB │ gzip:  0.36 kB
#23 1.571 dist/assets/platformApi-DivB9Okf.js                0.65 kB │ gzip:  0.32 kB
#23 1.571 dist/assets/rolldown-runtime-Dw2cE7zH.js           0.68 kB │ gzip:  0.41 kB
#23 1.571 dist/assets/AppointmentActions-ODpfg6Fr.js         0.75 kB │ gzip:  0.44 kB
#23 1.571 dist/assets/specialtyLabels-DQMuruGh.js            0.83 kB │ gzip:  0.32 kB
#23 1.571 dist/assets/clinicProductionFilter-BkCjBbwB.js     0.86 kB │ gzip:  0.47 kB
#23 1.571 dist/assets/AccountProfile-CloAfQ6d.js             1.36 kB │ gzip:  0.56 kB
#23 1.571 dist/assets/AppointmentCard-D7-Z46wc.js            1.60 kB │ gzip:  0.54 kB
#23 1.571 dist/assets/ChangePassword-DeoCJb-U.js             2.26 kB │ gzip:  1.01 kB
#23 1.571 dist/assets/vendor-jitsi-D15fOl7n.js               2.62 kB │ gzip:  1.30 kB
#23 1.571 dist/assets/PlatformClinicDirectory-DD0i7rQH.js    2.64 kB │ gzip:  1.05 kB
#23 1.571 dist/assets/Messages-Cd35fOU1.js                   3.15 kB │ gzip:  1.42 kB
#23 1.571 dist/assets/PlatformOwnerDashboard-DeSfxvo2.js     3.46 kB │ gzip:  1.29 kB
#23 1.571 dist/assets/TeleconsultationHub-Cd-Ak3n7.js        3.57 kB │ gzip:  1.55 kB
#23 1.571 dist/assets/PlatformOwnerSetup-Ch_78Vrj.js         3.67 kB │ gzip:  1.42 kB
#23 1.571 dist/assets/Patients-CBe4T0de.js                   3.86 kB │ gzip:  1.38 kB
#23 1.571 dist/assets/PlatformAccounts-LFYobC_7.js           3.91 kB │ gzip:  1.55 kB
#23 1.571 dist/assets/vendor-misc-BGq66BuF.js                3.92 kB │ gzip:  1.71 kB
#23 1.571 dist/assets/platformClinicData-DjowMh4I.js         3.94 kB │ gzip:  1.43 kB
#23 1.571 dist/assets/NotificationsPage-CGRgFmHp.js          3.98 kB │ gzip:  1.45 kB
#23 1.571 dist/assets/EmptyState-CgoUSR5N.js                 4.10 kB │ gzip:  1.17 kB
#23 1.571 dist/assets/DoctorAppointments-CueQdh7S.js         4.47 kB │ gzip:  1.78 kB
#23 1.571 dist/assets/PatientMedicalHistory-C_VpbaV2.js      4.89 kB │ gzip:  1.44 kB
#23 1.571 dist/assets/PlatformFieldOnboard-DNxs8nJf.js       4.99 kB │ gzip:  1.82 kB
#23 1.571 dist/assets/DoctorProfile-CkCk5Xvi.js              5.61 kB │ gzip:  2.16 kB
#23 1.571 dist/assets/Dashboard-Bp3whBJ4.js                  5.62 kB │ gzip:  1.81 kB
#23 1.571 dist/assets/Doctors-DVlwQwqo.js                    7.62 kB │ gzip:  2.79 kB
#23 1.571 dist/assets/DoctorDashboard-CWVzPy4c.js            7.69 kB │ gzip:  2.59 kB
#23 1.571 dist/assets/DoctorMessages-DDOillIm.js             8.37 kB │ gzip:  3.27 kB
#23 1.571 dist/assets/Appointments-Dez3VxNK.js               8.61 kB │ gzip:  2.99 kB
#23 1.571 dist/assets/PlatformClinicDetail-CQ-OxIea.js       9.55 kB │ gzip:  2.95 kB
#23 1.571 dist/assets/PatientDetails-Z_Wm_2MV.js            12.08 kB │ gzip:  3.53 kB
#23 1.571 dist/assets/ConsultationRoom-C8V2wMg1.js          16.30 kB │ gzip:  5.98 kB
#23 1.571 dist/assets/vendor-toast-bA4YJJyi.js              33.71 kB │ gzip:  9.54 kB
#23 1.571 dist/assets/index-DAPU2BRi.js                     56.48 kB │ gzip: 13.19 kB
#23 1.571 dist/assets/vendor-react-BURnkRQt.js             178.40 kB │ gzip: 55.99 kB
#23 1.571 dist/assets/clinical-pages-CLqTDIfI.js           402.03 kB │ gzip: 99.84 kB
#23 1.571 
#23 1.572 ✓ built in 237ms
#23 DONE 1.6s

#27 [frontend stage-1 2/3] COPY deploy/nginx/frontend-spa.conf /etc/nginx/conf.d/default.conf
#27 CACHED

#28 [frontend stage-1 3/3] COPY --from=build /app/dist /usr/share/nginx/html
#28 DONE 0.1s

#29 [frontend] exporting to image
#29 exporting layers 0.4s done
#29 writing image sha256:72cecd79464eb54d7729ad0dfe73fe0fbd286d55228b0870950c40432ad91a55 done
#29 naming to docker.io/library/clinic-node-frontend done
#29 DONE 0.4s

#30 [frontend] resolving provenance for metadata file
#30 DONE 0.0s
 Image clinic-node-backend Built 
 Image clinic-node-frontend Built 
 Container clinic-node-frontend-1 Creating 
 Container clinic-node-db-1 Creating 
 Container clinic-node-frontend-1 Created 
 Container clinic-node-db-1 Created 
 Container clinic-node-backend-1 Creating 
 Container clinic-node-backend-1 Created 
 Container clinic-node-proxy-1 Creating 
 Container clinic-node-proxy-1 Created 
 Container clinic-node-frontend-1 Starting 
 Container clinic-node-db-1 Starting 
 Container clinic-node-frontend-1 Started 
 Container clinic-node-db-1 Started 
 Container clinic-node-db-1 Waiting 
 Container clinic-node-db-1 Healthy 
 Container clinic-node-backend-1 Starting 
 Container clinic-node-backend-1 Started 
 Container clinic-node-backend-1 Waiting 
 Container clinic-node-backend-1 Healthy 
 Container clinic-node-proxy-1 Starting 
 Container clinic-node-proxy-1 Started 
[install] Waiting for API readiness…

============================================
 Installation successful
============================================
 Open:     https://sante-locale:8443
           https://127.0.0.1:8443
 Network:  host
 Node ID:  a29204f9-981f-4ea7-b75d-91197730ba67
 Trust CA: /workspace/deploy/clinic-node/data/pki/ca-trust.crt
 Admin:    see /workspace/deploy/clinic-node/data/ADMIN_CREDENTIALS.txt (if freshly generated)
 Login:    local clinic admin — change password on first login

 Phase 1: local auth bootstrap enabled.
============================================
