============================================
 Santé Guinée — Clinic Node installer (P0)
============================================
Data directory: /workspace/deploy/clinic-node/data

[install] Generating secrets and .env…
[install] Wrote /workspace/deploy/clinic-node/.env
[pki] Generating Clinic Node CA and server certificate…
[pki] Done. Trust file for workstations: /workspace/deploy/clinic-node/data/pki/ca-trust.crt
[pki] SAN: DNS:sante-locale,DNS:localhost,IP:127.0.0.1
[install] Using host network mode (bridge unavailable or forced).
[install] Building and starting Clinic Node stack…
#1 [internal] load local bake definitions
#1 reading from stdin 1.07kB done
#1 DONE 0.0s

#2 [frontend internal] load build definition from Dockerfile
#2 transferring dockerfile: 725B done
#2 DONE 0.0s

#3 [backend internal] load build definition from Dockerfile
#3 transferring dockerfile: 936B done
#3 DONE 0.0s

#4 [frontend internal] load metadata for docker.io/library/nginx:1.27-alpine
#4 DONE 0.0s

#5 [backend internal] load metadata for docker.io/library/python:3.12-slim-bookworm
#5 DONE 0.3s

#6 [frontend internal] load metadata for docker.io/library/node:20-alpine
#6 DONE 0.3s

#7 [backend internal] load .dockerignore
#7 transferring context: 361B done
#7 DONE 0.0s

#8 [backend 1/7] FROM docker.io/library/python:3.12-slim-bookworm@sha256:d50fb7611f86d04a3b0471b46d7557818d88983fc3136726336b2a4c657aa30b
#8 DONE 0.0s

#9 [frontend internal] load .dockerignore
#9 transferring context: 94B done
#9 DONE 0.0s

#10 [frontend build 1/6] FROM docker.io/library/node:20-alpine@sha256:fb4cd12c85ee03686f6af5362a0b0d56d50c58a04632e6c0fb8363f609372293
#10 DONE 0.0s

#11 [frontend stage-1 1/3] FROM docker.io/library/nginx:1.27-alpine
#11 DONE 0.0s

#12 [backend internal] load build context
#12 transferring context: 98.66kB 0.0s done
#12 DONE 0.0s

#13 [frontend internal] load build context
#13 transferring context: 9.53kB done
#13 DONE 0.0s

#14 [backend 2/7] WORKDIR /app
#14 CACHED

#15 [backend 4/7] COPY requirements.txt requirements-prod.txt ./
#15 CACHED

#16 [backend 3/7] RUN apt-get update && apt-get install -y --no-install-recommends     libpq5     curl     && rm -rf /var/lib/apt/lists/*
#16 CACHED

#17 [backend 5/7] RUN pip install --upgrade pip && pip install -r requirements-prod.txt
#17 CACHED

#18 [frontend build 4/6] RUN npm ci
#18 CACHED

#19 [frontend build 3/6] COPY package.json package-lock.json ./
#19 CACHED

#20 [frontend build 5/6] COPY . .
#20 CACHED

#21 [frontend build 6/6] RUN npm run build
#21 CACHED

#22 [frontend stage-1 2/3] COPY deploy/nginx/frontend-spa.conf /etc/nginx/conf.d/default.conf
#22 CACHED

#23 [frontend build 2/6] WORKDIR /app
#23 CACHED

#24 [frontend stage-1 3/3] COPY --from=build /app/dist /usr/share/nginx/html
#24 CACHED

#25 [frontend] exporting to image
#25 exporting layers done
#25 writing image sha256:d81f68d24e792e44c1c2b6be07e8437caba623ac65ef990ae0100ff8fc9fb69f done
#25 naming to docker.io/library/clinic-node-frontend done
#25 DONE 0.0s

#26 [frontend] resolving provenance for metadata file
#26 DONE 0.0s

#27 [backend 6/7] COPY . .
#27 DONE 0.5s

#28 [backend 7/7] RUN sed -i 's/\r$//' scripts/docker/entrypoint-backend.sh scripts/docker/start-uvicorn.sh     && mkdir -p uploads logs     && chmod +x scripts/docker/entrypoint-backend.sh scripts/docker/start-uvicorn.sh
#28 DONE 0.6s

#29 [backend] exporting to image
#29 exporting layers 0.7s done
#29 writing image sha256:0995ddc28787dcaba89399d0c2a99fe11ba9a372336a3f20111faeb1e81db88e done
#29 naming to docker.io/library/clinic-node-backend done
#29 DONE 0.7s

#30 [backend] resolving provenance for metadata file
#30 DONE 0.0s
[install] Waiting for API readiness…

============================================
 Installation successful
============================================
 Open:     https://sante-locale:8443
           https://127.0.0.1:8443
 Network:  host
 Node ID:  b1c06104-31c5-41fa-ba8f-093350806c1f
 Trust CA: /workspace/deploy/clinic-node/data/pki/ca-trust.crt
           (install once on each workstation browser/OS)

 Next: Phase 1 will add local staff login bootstrap.
============================================
